
> japanese-rpg@0.1.0 dev
> next dev

▲ Next.js 16.1.6 (Turbopack)
- Local:         http://localhost:3000
- Network:       http://192.168.0.2:3000
- Environments: .env

✓ Starting...
Attention: Next.js now collects completely anonymous telemetry regarding usage.
This information is used to shape Next.js' roadmap and prioritize features.
You can learn more, including how to opt-out if you'd not like to participate in this anonymous program, by visiting the following URL:
https://nextjs.org/telemetry

✓ Ready in 1138ms
○ Compiling /study ...
 GET /study 200 in 6.6s (compile: 6.2s, render: 444ms)
prisma:query SELECT `main`.`User`.`id`, `main`.`User`.`email`, `main`.`User`.`xp`, `main`.`User`.`level`, `main`.`User`.`currentStreak` FROM `main`.`User` WHERE (`main`.`User`.`email` = ? AND 1=1) LIMIT ? OFFSET ?
prisma:query SELECT `main`.`StudyProgress`.`id`, `main`.`StudyProgress`.`userId`, `main`.`StudyProgress`.`vocabId`, `main`.`StudyProgress`.`nextReviewDate`, `main`.`StudyProgress`.`interval`, `main`.`StudyProgress`.`easeFactor`, `main`.`StudyProgress`.`streak` FROM `main`.`StudyProgress` WHERE (`main`.`StudyProgress`.`userId` = ? AND `main`.`StudyProgress`.`nextReviewDate` <= ?) ORDER BY `main`.`StudyProgress`.`nextReviewDate` ASC LIMIT ? OFFSET ?
prisma:query SELECT `main`.`Vocabulary`.`id`, `main`.`Vocabulary`.`kanji`, `main`.`Vocabulary`.`kana`, `main`.`Vocabulary`.`romaji`, `main`.`Vocabulary`.`meaning`, `main`.`Vocabulary`.`jlpt_level` FROM `main`.`Vocabulary` WHERE NOT EXISTS(SELECT `t0`.`vocabId` FROM `main`.`StudyProgress` AS `t0` WHERE (`t0`.`userId` = ? AND (`main`.`Vocabulary`.`id`) = (`t0`.`vocabId`) AND `t0`.`vocabId` IS NOT NULL)) ORDER BY `main`.`Vocabulary`.`id` ASC LIMIT ? OFFSET ?
 POST /study 200 in 222ms (compile: 60ms, render: 163ms)
prisma:query SELECT `main`.`User`.`id`, `main`.`User`.`email`, `main`.`User`.`xp`, `main`.`User`.`level`, `main`.`User`.`currentStreak` FROM `main`.`User` WHERE (`main`.`User`.`email` = ? AND 1=1) LIMIT ? OFFSET ?
prisma:query SELECT `main`.`StudyProgress`.`id`, `main`.`StudyProgress`.`userId`, `main`.`StudyProgress`.`vocabId`, `main`.`StudyProgress`.`nextReviewDate`, `main`.`StudyProgress`.`interval`, `main`.`StudyProgress`.`easeFactor`, `main`.`StudyProgress`.`streak` FROM `main`.`StudyProgress` WHERE (`main`.`StudyProgress`.`userId` = ? AND `main`.`StudyProgress`.`vocabId` = ?) LIMIT ? OFFSET ?
prisma:query INSERT INTO `main`.`StudyProgress` (`id`, `userId`, `vocabId`, `nextReviewDate`, `interval`, `easeFactor`, `streak`) VALUES (?,?,?,?,?,?,?) RETURNING `id` AS `id`, `userId` AS `userId`, `vocabId` AS `vocabId`, `nextReviewDate` AS `nextReviewDate`, `interval` AS `interval`, `easeFactor` AS `easeFactor`, `streak` AS `streak`
 POST /study 200 in 57ms (compile: 5ms, render: 52ms)
 GET /study 200 in 203ms (compile: 85ms, render: 118ms)
prisma:query SELECT 1
prisma:query SELECT `main`.`User`.`id`, `main`.`User`.`email`, `main`.`User`.`xp`, `main`.`User`.`level`, `main`.`User`.`currentStreak` FROM `main`.`User` WHERE (`main`.`User`.`email` = ? AND 1=1) LIMIT ? OFFSET ?
prisma:query SELECT `main`.`StudyProgress`.`id`, `main`.`StudyProgress`.`userId`, `main`.`StudyProgress`.`vocabId`, `main`.`StudyProgress`.`nextReviewDate`, `main`.`StudyProgress`.`interval`, `main`.`StudyProgress`.`easeFactor`, `main`.`StudyProgress`.`streak` FROM `main`.`StudyProgress` WHERE (`main`.`StudyProgress`.`userId` = ? AND `main`.`StudyProgress`.`nextReviewDate` <= ?) ORDER BY `main`.`StudyProgress`.`nextReviewDate` ASC LIMIT ? OFFSET ?
prisma:query SELECT `main`.`Vocabulary`.`id`, `main`.`Vocabulary`.`kanji`, `main`.`Vocabulary`.`kana`, `main`.`Vocabulary`.`romaji`, `main`.`Vocabulary`.`meaning`, `main`.`Vocabulary`.`jlpt_level` FROM `main`.`Vocabulary` WHERE NOT EXISTS(SELECT `t0`.`vocabId` FROM `main`.`StudyProgress` AS `t0` WHERE (`t0`.`userId` = ? AND (`main`.`Vocabulary`.`id`) = (`t0`.`vocabId`) AND `t0`.`vocabId` IS NOT NULL)) ORDER BY `main`.`Vocabulary`.`id` ASC LIMIT ? OFFSET ?
 POST /study 200 in 23ms (compile: 5ms, render: 18ms)
prisma:query SELECT `main`.`User`.`id`, `main`.`User`.`email`, `main`.`User`.`xp`, `main`.`User`.`level`, `main`.`User`.`currentStreak` FROM `main`.`User` WHERE (`main`.`User`.`email` = ? AND 1=1) LIMIT ? OFFSET ?
prisma:query SELECT `main`.`StudyProgress`.`id`, `main`.`StudyProgress`.`userId`, `main`.`StudyProgress`.`vocabId`, `main`.`StudyProgress`.`nextReviewDate`, `main`.`StudyProgress`.`interval`, `main`.`StudyProgress`.`easeFactor`, `main`.`StudyProgress`.`streak` FROM `main`.`StudyProgress` WHERE (`main`.`StudyProgress`.`userId` = ? AND `main`.`StudyProgress`.`vocabId` = ?) LIMIT ? OFFSET ?
prisma:query INSERT INTO `main`.`StudyProgress` (`id`, `userId`, `vocabId`, `nextReviewDate`, `interval`, `easeFactor`, `streak`) VALUES (?,?,?,?,?,?,?) RETURNING `id` AS `id`, `userId` AS `userId`, `vocabId` AS `vocabId`, `nextReviewDate` AS `nextReviewDate`, `interval` AS `interval`, `easeFactor` AS `easeFactor`, `streak` AS `streak`
 POST /study 200 in 48ms (compile: 4ms, render: 43ms)
 GET /study 200 in 179ms (compile: 74ms, render: 106ms)
prisma:query SELECT 1
prisma:query SELECT `main`.`User`.`id`, `main`.`User`.`email`, `main`.`User`.`xp`, `main`.`User`.`level`, `main`.`User`.`currentStreak` FROM `main`.`User` WHERE (`main`.`User`.`email` = ? AND 1=1) LIMIT ? OFFSET ?
prisma:query SELECT `main`.`StudyProgress`.`id`, `main`.`StudyProgress`.`userId`, `main`.`StudyProgress`.`vocabId`, `main`.`StudyProgress`.`nextReviewDate`, `main`.`StudyProgress`.`interval`, `main`.`StudyProgress`.`easeFactor`, `main`.`StudyProgress`.`streak` FROM `main`.`StudyProgress` WHERE (`main`.`StudyProgress`.`userId` = ? AND `main`.`StudyProgress`.`nextReviewDate` <= ?) ORDER BY `main`.`StudyProgress`.`nextReviewDate` ASC LIMIT ? OFFSET ?
prisma:query SELECT `main`.`Vocabulary`.`id`, `main`.`Vocabulary`.`kanji`, `main`.`Vocabulary`.`kana`, `main`.`Vocabulary`.`romaji`, `main`.`Vocabulary`.`meaning`, `main`.`Vocabulary`.`jlpt_level` FROM `main`.`Vocabulary` WHERE NOT EXISTS(SELECT `t0`.`vocabId` FROM `main`.`StudyProgress` AS `t0` WHERE (`t0`.`userId` = ? AND (`main`.`Vocabulary`.`id`) = (`t0`.`vocabId`) AND `t0`.`vocabId` IS NOT NULL)) ORDER BY `main`.`Vocabulary`.`id` ASC LIMIT ? OFFSET ?
 POST /study 200 in 20ms (compile: 4ms, render: 16ms)
prisma:query SELECT `main`.`User`.`id`, `main`.`User`.`email`, `main`.`User`.`xp`, `main`.`User`.`level`, `main`.`User`.`currentStreak` FROM `main`.`User` WHERE (`main`.`User`.`email` = ? AND 1=1) LIMIT ? OFFSET ?
prisma:query SELECT `main`.`StudyProgress`.`id`, `main`.`StudyProgress`.`userId`, `main`.`StudyProgress`.`vocabId`, `main`.`StudyProgress`.`nextReviewDate`, `main`.`StudyProgress`.`interval`, `main`.`StudyProgress`.`easeFactor`, `main`.`StudyProgress`.`streak` FROM `main`.`StudyProgress` WHERE (`main`.`StudyProgress`.`userId` = ? AND `main`.`StudyProgress`.`vocabId` = ?) LIMIT ? OFFSET ?
prisma:query INSERT INTO `main`.`StudyProgress` (`id`, `userId`, `vocabId`, `nextReviewDate`, `interval`, `easeFactor`, `streak`) VALUES (?,?,?,?,?,?,?) RETURNING `id` AS `id`, `userId` AS `userId`, `vocabId` AS `vocabId`, `nextReviewDate` AS `nextReviewDate`, `interval` AS `interval`, `easeFactor` AS `easeFactor`, `streak` AS `streak`
 POST /study 200 in 48ms (compile: 6ms, render: 43ms)
